// Jest Snapshot v1, https://goo.gl/fbAQLP

exports[`renders correctly 1`] = `
<button
  className="button"
  disabled={false}
  onClick={[Function]}
  type="button"
>
  <i
    className="material-icons icon"
    dangerouslySetInnerHTML={
      Object {
        "__html": "attachment",
      }
    }
  />
  <div
    className="text"
  >
    アップロード
  </div>
</button>
`;
