// Jest Snapshot v1, https://goo.gl/fbAQLP

exports[`CommandInspector renderer 1`] = `
<div
  className=""
  style={
    Object {
      "width": 400,
    }
  }
>
  <div
    className=""
    onMouseDown={[Function]}
    onMouseMove={[Function]}
    onMouseUp={[Function]}
  />
  <div
    className="inspector-container"
  >
    <div>
      
    </div>
    <div>
      <div>
        <input
          className=""
          defaultValue="連番データの新規生成"
          onBlur={[Function]}
          type="text"
        />
        <div>
          連番データの新規生成
        </div>
      </div>
      <div>
        <div
          className=""
        >
          <div />
          <div>
            
          </div>
        </div>
        <div
          className=""
        />
      </div>
    </div>
  </div>
</div>
`;
