// Jest Snapshot v1, https://goo.gl/fbAQLP

exports[`CommandInspector renderer 1`] = `
<div
  className=""
  style={
    Object {
      "width": 400,
    }
  }
>
  <div
    className=""
    onMouseDown={[Function]}
    onMouseMove={[Function]}
    onMouseUp={[Function]}
  />
  <div
    className="inspector-container"
  >
    <div>
      
    </div>
    <div>
      <div>
        <input
          className=""
          defaultValue="連番データの新規生成"
          onBlur={[Function]}
          type="text"
        />
        <div>
          連番データの新規生成
        </div>
      </div>
      <div>
        <div>
          <button
            className=""
            disabled={false}
            onClick={[Function]}
            type="button"
          >
            <i
              className="material-icons"
              dangerouslySetInnerHTML={
                Object {
                  "__html": "delete",
                }
              }
            />
            <div
              className="undefined"
            >
              削除
            </div>
          </button>
        </div>
        <div />
        <div>
          <label>
            場所
          </label>
        </div>
        <div
          className="kskp-form"
        >
          <label>
            入力
          </label>
          <ul
            className="inPorts"
          />
          <label>
            出力
          </label>
          <div>
            <div>
              o
            </div>
            <div>
              d
            </div>
          </div>
        </div>
        <div>
          <div />
          <div>
            <div
              className="kskp-form"
            >
              <div
                className="mb-12px"
              >
                <div
                  className=""
                >
                  連番データの新規生成
                </div>
                <div>
                  数値、英字の連番で、指定した行数を作成する
                </div>
              </div>
              <div
                className="mb-12px"
              >
                <div
                  className=""
                >
                  連番データ生成の設定 (必須)
                </div>
                <div />
              </div>
              <div
                className="mb-12px"
              >
                <div>
                  <div>
                    <div>
                      項目名の設定 (必須)
                    </div>
                    <div>
                      <div>
                        複数項目の指定は不可
                      </div>
                    </div>
                  </div>
                  <input
                    className="form-control"
                    data-paramtype="string"
                    disabled={false}
                    name="a"
                    onChange={[Function]}
                    onFocus={[Function]}
                    placeholder="a"
                    type="text"
                    value="a"
                  />
                </div>
              </div>
              <div
                className="mb-12px"
              >
                <div>
                  <div>
                    <div>
                      生成データの行数(必須)
                    </div>
                    <div>
                      <div>
                        正の整数で設定する
                      </div>
                    </div>
                  </div>
                  <input
                    className="form-control"
                    data-paramtype="string"
                    disabled={false}
                    name="l"
                    onChange={[Function]}
                    onFocus={[Function]}
                    placeholder="l"
                    type="text"
                    value="10"
                  />
                </div>
              </div>
              <div
                className="mb-12px"
              >
                <div>
                  <div>
                    <div>
                      開始の値 (必須)
                    </div>
                    <div>
                      <div>
                        正の整数、または、アルファベット(大文字)で指定する
                      </div>
                    </div>
                  </div>
                  <input
                    className="form-control"
                    data-paramtype="string"
                    disabled={false}
                    name="S"
                    onChange={[Function]}
                    onFocus={[Function]}
                    placeholder="S"
                    type="text"
                    value="1"
                  />
                </div>
              </div>
              <div
                className="mb-12px"
              >
                <div>
                  <div>
                    <div>
                      値の間隔 (必須)
                    </div>
                    <div>
                      <div>
                        正の整数で設定する
                      </div>
                    </div>
                  </div>
                  <input
                    className="form-control"
                    data-paramtype="string"
                    disabled={false}
                    name="I"
                    onChange={[Function]}
                    onFocus={[Function]}
                    placeholder="I"
                    type="text"
                    value="1"
                  />
                </div>
              </div>
              <div
                className="mb-12px"
              >
                <div
                  className=""
                >
                  その他 (省略可)
                </div>
                <div />
              </div>
              <div
                className="mb-12px"
              >
                <div
                  className=""
                >
                  <div>
                    <div>
                      入力データの 1 行目を項目名行とみなさない。
                    </div>
                    <div>
                      <div />
                    </div>
                  </div>
                  <input
                    data-paramtype="boolean"
                    disabled={false}
                    name="nfn"
                    onChange={[Function]}
                    type="checkbox"
                  />
                </div>
              </div>
              <div
                className="mb-12px"
              >
                <div
                  className=""
                >
                  <div>
                    <div>
                      出力データに項目名行を出力しない。
                    </div>
                    <div>
                      <div />
                    </div>
                  </div>
                  <input
                    data-paramtype="boolean"
                    disabled={false}
                    name="nfno"
                    onChange={[Function]}
                    type="checkbox"
                  />
                </div>
              </div>
              <div
                className="mb-12px"
              >
                <div
                  className=""
                >
                  <div>
                    <div>
                      項目名ではなく、項目番号で指定する
                    </div>
                    <div>
                      <div>
                        ・0始まりの項目番号で指定する
・Lをつけると、右端起点の項目番号とみなす(例:3L)
・複数入力可能なOptの場合は、列範囲としての指定も可能(例: 0-5)
                      </div>
                    </div>
                  </div>
                  <input
                    data-paramtype="boolean"
                    disabled={false}
                    name="x"
                    onChange={[Function]}
                    type="checkbox"
                  />
                </div>
              </div>
              <div
                className="mb-12px"
              >
                <div
                  className=""
                >
                  システム管理用設定（作業領域・ログ出力）
                </div>
                <div />
              </div>
              <div
                className="mb-12px"
              >
                <div>
                  <div>
                    <div>
                      作業ファイル格納パス名
                    </div>
                    <div>
                      <div />
                    </div>
                  </div>
                  <input
                    className="form-control"
                    data-paramtype="string"
                    disabled={false}
                    name="tmpPath"
                    onChange={[Function]}
                    onFocus={[Function]}
                    placeholder="tmpPath"
                    type="text"
                    value=""
                  />
                </div>
              </div>
            </div>
          </div>
        </div>
      </div>
    </div>
  </div>
</div>
`;
